{
    "voteId": "vote-test",
    "pokemonVotedFor": "pokemon-voted-for",
    "pokemonNotVotedFor": "pokemon-not-voted-for"
}
