<!DOCTYPE html>
<html lang="en">
<head>
    <meta name="viewport" content="width=device-width, initial-scale=1.0">
    <title>Results | Pick your favorite Pok&Atilde;&copy;mon</title>
    <link rel="icon" type="image/png" href="/favicon.png" sizes="16x16">
    <!-- Google Fonts -->
    <link rel="preconnect" href="https://fonts.gstatic.com">
    <link href="https://fonts.googleapis.com/css2?family=Poppins:ital,wght@0,100;0,200;0,300;0,400;0,500;0,600;0,700;0,800;0,900;1,100;1,200;1,300;1,400;1,500;1,600;1,700;1,800;1,900&amp;display=swap" rel="stylesheet">
    <!-- Stylesheet -->
    <link rel="stylesheet" href="/style.css">
</head>
<body class="results">
<!-- Navigation bar -->
<nav class="nav-bar">
    <div class="wrapper">
        <input type="checkbox" id="drop-down-cbox">
        <label for="drop-down-cbox">
            <span></span>
            <span></span>
            <span></span>
        </label>

        <ul class="main-nav">
            <li><a href="/">Vote</a></li>
            <li><a href="/results" class="active">Results</a></li>
        </ul>

    </div>
</nav><div class="container">
    <h1>The votes are in!</h1>
    <div class="results">
                    <div class="result">
                    <div class="pokemon type type--typeOne">
        <div class="header">
                            <div class="place">#1</div>
                        <div class="hp">HP 30</div>
        </div>
        <img src="https://raw.githubusercontent.com/PokeAPI/sprites/master/sprites/pokemon/other/dream-world/19.svg">
        <div class="name">#1 Bulbasaur</div>
                    <div class="score">scored 20%, got 2 votes</div>
                <div class="types">
                            <div class="type type--typeOne">Typeone</div>
                            <div class="type type--typeTwo">Typetwo</div>
                    </div>
        <div class="stats">
            <div>
                <p>56</p>
                <h3>Attack</h3>
            </div>
            <div>
                <p>10</p>
                <h3>Defense</h3>
            </div>
            <div>
                <p>20</p>
                <h3>Speed</h3>
            </div>
        </div>
    </div>
                </div>
                    <div class="result">
                    <div class="pokemon type type--typeOne">
        <div class="header">
                            <div class="place">#2</div>
                        <div class="hp">HP 30</div>
        </div>
        <img src="https://raw.githubusercontent.com/PokeAPI/sprites/master/sprites/pokemon/other/dream-world/19.svg">
        <div class="name">#1 Bulbasaur</div>
                    <div class="score">scored 100%, got 2 votes</div>
                <div class="types">
                            <div class="type type--typeOne">Typeone</div>
                            <div class="type type--typeTwo">Typetwo</div>
                    </div>
        <div class="stats">
            <div>
                <p>56</p>
                <h3>Attack</h3>
            </div>
            <div>
                <p>10</p>
                <h3>Defense</h3>
            </div>
            <div>
                <p>20</p>
                <h3>Speed</h3>
            </div>
        </div>
    </div>
                </div>
            </div>
</div>
</body>
</html>
