[
    "amqp:consume",
    "cache:clear",
    "pokemon:cache",
    "pokemon:reset"
]
