[
    "App\\Domain\\WriteModel\\Pokemon\\AddPokemon\\AddPokemon",
    "App\\Domain\\WriteModel\\Vote\\AddVote\\AddVote"
]
