[
    {
        "eventName": "App.Tests.Infrastructure.Eventing.TestEvent",
        "payload": {
            "id": "1"
        }
    },
    {
        "eventName": "App.Tests.Infrastructure.Eventing.TestEvent",
        "payload": {
            "id": "2"
        }
    },
    {
        "eventName": "App.Tests.Infrastructure.Eventing.TestEvent",
        "payload": {
            "id": "3"
        }
    }
]
