{
    "add-vote-command-queue": {
        "queueName": "add-vote-command-queue",
        "workerName": "command-queue-worker",
        "numberOfConsumers": 1
    }
}
