[
    "App\\Domain\\ReadModel\\Result\\VoteResultProjector"
]
