[
    "App\\Console\\AmqpConsumeConsoleCommand",
    "App\\Console\\CacheClearCommand",
    "App\\Console\\PokemonCacheConsoleCommand",
    "App\\Console\\PokemonResetConsoleCommand"
]
