[
    "App\\Console\\AmqpConsumeConsoleCommand",
    "App\\Console\\CacheClearConsoleCommand"
]
